
> pontoaqui@0.0.0 build
> vite build

vite v8.0.10 building client environment for production...
[2Ktransforming...✓ 3403 modules transformed.
rendering chunks...
computing gzip size...
dist/registerSW.js                     0.14 kB
dist/manifest.webmanifest              0.48 kB
dist/index.html                        1.20 kB │ gzip:   0.61 kB
dist/assets/index-DyU_u7kW.css        79.17 kB │ gzip:  11.91 kB
dist/assets/chunk-CilyBKbf.js          0.69 kB │ gzip:   0.42 kB
dist/assets/purify.es-B0oQ7434.js     22.43 kB │ gzip:   8.80 kB
dist/assets/index.es-Dd536n8h.js     151.41 kB │ gzip:  48.88 kB
dist/assets/index-eFWpI9wg.js      1,527.82 kB │ gzip: 449.27 kB

[plugin builtin:vite-reporter] 
(!) Some chunks are larger than 500 kB after minification. Consider:
- Using dynamic import() to code-split the application
- Use build.rolldownOptions.output.codeSplitting to improve chunking: https://rolldown.rs/reference/OutputOptions.codeSplitting
- Adjust chunk size limit for this warning via build.chunkSizeWarningLimit.
✓ built in 1.42s

PWA v1.2.0
mode      generateSW
precache  11 entries (1741.11 KiB)
files generated
  dist/sw.js
  dist/workbox-8c29f6e4.js
